// Jest Snapshot v1, https://goo.gl/fbAQLP

exports[`Header component renders correctly 1`] = `
"<Fragment>
  <h1 className=\\"f1\\">
    RoboFriends
  </h1>
  <CounterButton />
</Fragment>"
`;
